// Jest Snapshot v1, https://goo.gl/fbAQLP

exports[`testing passwordless resources 1`] = `
Object {
  "Outputs": Object {
    "myPasswordlessTestuserPoolArnOutput04B8D94D": Object {
      "Export": Object {
        "Name": "passwordLessUserPoolArn",
      },
      "Value": Object {
        "Fn::GetAtt": Array [
          "myPasswordlessTestuserPool18816AD8",
          "Arn",
        ],
      },
    },
    "myPasswordlessTestuserPoolClientIdOutput76E5E879": Object {
      "Export": Object {
        "Name": "passwordLessUserPoolClientId",
      },
      "Value": Object {
        "Ref": "myPasswordlessTestuserPoolClient442FD4CD",
      },
    },
    "myPasswordlessTestuserPoolIdOutputD2D99BBE": Object {
      "Export": Object {
        "Name": "passwordLessUserPoolId",
      },
      "Value": Object {
        "Ref": "myPasswordlessTestuserPool18816AD8",
      },
    },
  },
  "Parameters": Object {
    "myPasswordlessTestcognitoEventsLambdaCodeArtifactHash8198C4D7": Object {
      "Description": "Artifact hash for asset \\"test/myPasswordlessTest/cognitoEventsLambda/Code\\"",
      "Type": "String",
    },
    "myPasswordlessTestcognitoEventsLambdaCodeS3Bucket4E0CA048": Object {
      "Description": "S3 bucket for asset \\"test/myPasswordlessTest/cognitoEventsLambda/Code\\"",
      "Type": "String",
    },
    "myPasswordlessTestcognitoEventsLambdaCodeS3VersionKeyB7C1D3F9": Object {
      "Description": "S3 key for asset version \\"test/myPasswordlessTest/cognitoEventsLambda/Code\\"",
      "Type": "String",
    },
  },
  "Resources": Object {
    "myPasswordlessTestcognitoEventsLambdaC85C55A5": Object {
      "DependsOn": Array [
        "myPasswordlessTestlambdaRole51C60D45",
      ],
      "Properties": Object {
        "Code": Object {
          "S3Bucket": Object {
            "Ref": "myPasswordlessTestcognitoEventsLambdaCodeS3Bucket4E0CA048",
          },
          "S3Key": Object {
            "Fn::Join": Array [
              "",
              Array [
                Object {
                  "Fn::Select": Array [
                    0,
                    Object {
                      "Fn::Split": Array [
                        "||",
                        Object {
                          "Ref": "myPasswordlessTestcognitoEventsLambdaCodeS3VersionKeyB7C1D3F9",
                        },
                      ],
                    },
                  ],
                },
                Object {
                  "Fn::Select": Array [
                    1,
                    Object {
                      "Fn::Split": Array [
                        "||",
                        Object {
                          "Ref": "myPasswordlessTestcognitoEventsLambdaCodeS3VersionKeyB7C1D3F9",
                        },
                      ],
                    },
                  ],
                },
              ],
            ],
          },
        },
        "Description": "This function auto-confirms users and their email addresses during sign-up",
        "Environment": Object {
          "Variables": Object {},
        },
        "Handler": "cognitoEvents.handler",
        "Role": Object {
          "Fn::GetAtt": Array [
            "myPasswordlessTestlambdaRole51C60D45",
            "Arn",
          ],
        },
        "Runtime": "nodejs10.x",
      },
      "Type": "AWS::Lambda::Function",
    },
    "myPasswordlessTestcognitoEventsLambdaCustomMessageCognito774653EB": Object {
      "Properties": Object {
        "Action": "lambda:InvokeFunction",
        "FunctionName": Object {
          "Fn::GetAtt": Array [
            "myPasswordlessTestcognitoEventsLambdaC85C55A5",
            "Arn",
          ],
        },
        "Principal": "cognito-idp.amazonaws.com",
      },
      "Type": "AWS::Lambda::Permission",
    },
    "myPasswordlessTestcognitoEventsLambdaPreSignUpCognito67096823": Object {
      "Properties": Object {
        "Action": "lambda:InvokeFunction",
        "FunctionName": Object {
          "Fn::GetAtt": Array [
            "myPasswordlessTestcognitoEventsLambdaC85C55A5",
            "Arn",
          ],
        },
        "Principal": "cognito-idp.amazonaws.com",
      },
      "Type": "AWS::Lambda::Permission",
    },
    "myPasswordlessTestlambdaRole51C60D45": Object {
      "Properties": Object {
        "AssumeRolePolicyDocument": Object {
          "Statement": Array [
            Object {
              "Action": "sts:AssumeRole",
              "Effect": "Allow",
              "Principal": Object {
                "Service": Array [
                  Object {
                    "Fn::Join": Array [
                      "",
                      Array [
                        "lambda.",
                        Object {
                          "Ref": "AWS::URLSuffix",
                        },
                      ],
                    ],
                  },
                  Object {
                    "Fn::Join": Array [
                      "",
                      Array [
                        "cognito-idp.",
                        Object {
                          "Ref": "AWS::URLSuffix",
                        },
                      ],
                    ],
                  },
                ],
              },
            },
          ],
          "Version": "2012-10-17",
        },
        "ManagedPolicyArns": Array [
          Object {
            "Fn::Join": Array [
              "",
              Array [
                "arn:",
                Object {
                  "Ref": "AWS::Partition",
                },
                ":iam::aws:policy/service-role/AWSLambdaBasicExecutionRole",
              ],
            ],
          },
        ],
      },
      "Type": "AWS::IAM::Role",
    },
    "myPasswordlessTestuserPool18816AD8": Object {
      "Properties": Object {
        "AutoVerifiedAttributes": Array [
          "email",
        ],
        "LambdaConfig": Object {
          "CustomMessage": Object {
            "Fn::GetAtt": Array [
              "myPasswordlessTestcognitoEventsLambdaC85C55A5",
              "Arn",
            ],
          },
          "PreSignUp": Object {
            "Fn::GetAtt": Array [
              "myPasswordlessTestcognitoEventsLambdaC85C55A5",
              "Arn",
            ],
          },
        },
        "UsernameAttributes": Array [
          "email",
        ],
      },
      "Type": "AWS::Cognito::UserPool",
    },
    "myPasswordlessTestuserPoolClient442FD4CD": Object {
      "Properties": Object {
        "ClientName": "passwordless",
        "GenerateSecret": false,
        "UserPoolId": Object {
          "Ref": "myPasswordlessTestuserPool18816AD8",
        },
      },
      "Type": "AWS::Cognito::UserPoolClient",
    },
  },
}
`;
